[  617444ms] [ERROR] ./src/infrastructure/gpu/shaderCompiler.ts:13:1
Export STRIPE_DENSITY doesn't exist in target module
  11 |   NORMAL_MAP_LIGHT_ANGLE, INTERIOR_ATTENUATION
  12 | } from '../../domain/coloringModes';
> 13 | import { STRIPE_DENSITY } from '../../domain/coloringAccumulator';
     | ^^^^^^^^^^^^^^^^^^^^^^^^^^^^^^^^^^^^^^^^^^^^^^^^^^^^^^^^^^^^^^^^^^
  14 | import {
  15 |   fullscreenVert,
  16 |   headerChunk, screenToComplexChunk, smoothEscapeChunk,

The export STRIPE_DENSITY was not found in module [project]/src/domain/coloringAccumulator.ts [app-client] (ecmascript).
Did you mean to import STRIPE_BAILOUT_SQ?
All exports of the module are statically known (It doesn't have dynamic exports). So it's known statically that the requested export doesn't exist.

Import traces:
  Client Component Browser:
    ./src/infrastructure/gpu/shaderCompiler.ts [Client Component Browser]
    ./src/infrastructure/gpu/webglRenderer.ts [Client Component Browser]
    ./src/infrastructure/useRenderer.ts [Client Component Browser]
    ./src/useFractalExplorer.ts [Client Component Browser]
    ./src/FractalExplorer.tsx [Client Component Browser]
    ./app/page.tsx [Client Component Browser]
    ./app/page.tsx [Server Component]

  Client Component SSR:
    ./src/infrastructure/gpu/shaderCompiler.ts [Client Component SSR]
    ./src/infrastructure/gpu/webglRenderer.ts [Client Component SSR]
    ./src/infrastructure/useRenderer.ts [Client Component SSR]
    ./src/useFractalExplorer.ts [Client Component SSR]
    ./src/FractalExplorer.tsx [Client Component SSR]
    ./app/page.tsx [Client Component SSR]
    ./app/page.tsx [Server Component] @ http://localhost:3000/_next/static/chunks/node_modules_next_dist_115brz8._.js:3272
[  617444ms] [ERROR] ./src/infrastructure/gpu/shaderCompiler.ts:13:1
Export STRIPE_DENSITY doesn't exist in target module
  11 |   NORMAL_MAP_LIGHT_ANGLE, INTERIOR_ATTENUATION
  12 | } from '../../domain/coloringModes';
> 13 | import { STRIPE_DENSITY } from '../../domain/coloringAccumulator';
     | ^^^^^^^^^^^^^^^^^^^^^^^^^^^^^^^^^^^^^^^^^^^^^^^^^^^^^^^^^^^^^^^^^^
  14 | import {
  15 |   fullscreenVert,
  16 |   headerChunk, screenToComplexChunk, smoothEscapeChunk,

The export STRIPE_DENSITY was not found in module [project]/src/domain/coloringAccumulator.ts [app-ssr] (ecmascript).
Did you mean to import STRIPE_BAILOUT_SQ?
All exports of the module are statically known (It doesn't have dynamic exports). So it's known statically that the requested export doesn't exist.

Import traces:
  Client Component Browser:
    ./src/infrastructure/gpu/shaderCompiler.ts [Client Component Browser]
    ./src/infrastructure/gpu/webglRenderer.ts [Client Component Browser]
    ./src/infrastructure/useRenderer.ts [Client Component Browser]
    ./src/useFractalExplorer.ts [Client Component Browser]
    ./src/FractalExplorer.tsx [Client Component Browser]
    ./app/page.tsx [Client Component Browser]
    ./app/page.tsx [Server Component]

  Client Component SSR:
    ./src/infrastructure/gpu/shaderCompiler.ts [Client Component SSR]
    ./src/infrastructure/gpu/webglRenderer.ts [Client Component SSR]
    ./src/infrastructure/useRenderer.ts [Client Component SSR]
    ./src/useFractalExplorer.ts [Client Component SSR]
    ./src/FractalExplorer.tsx [Client Component SSR]
    ./app/page.tsx [Client Component SSR]
    ./app/page.tsx [Server Component] @ http://localhost:3000/_next/static/chunks/node_modules_next_dist_115brz8._.js:3272
[  617504ms] [ERROR] ./src/infrastructure/gpu/shaderCompiler.ts:13:1
Export STRIPE_DENSITY doesn't exist in target module
  11 |   NORMAL_MAP_LIGHT_ANGLE, INTERIOR_ATTENUATION
  12 | } from '../../domain/coloringModes';
> 13 | import { STRIPE_DENSITY } from '../../domain/coloringAccumulator';
     | ^^^^^^^^^^^^^^^^^^^^^^^^^^^^^^^^^^^^^^^^^^^^^^^^^^^^^^^^^^^^^^^^^^
  14 | import {
  15 |   fullscreenVert,
  16 |   headerChunk, screenToComplexChunk, smoothEscapeChunk,

The export STRIPE_DENSITY was not found in module [project]/src/domain/coloringAccumulator.ts [app-client] (ecmascript).
Did you mean to import STRIPE_BAILOUT_SQ?
All exports of the module are statically known (It doesn't have dynamic exports). So it's known statically that the requested export doesn't exist.

Import traces:
  Client Component Browser:
    ./src/infrastructure/gpu/shaderCompiler.ts [Client Component Browser]
    ./src/infrastructure/gpu/webglRenderer.ts [Client Component Browser]
    ./src/infrastructure/useRenderer.ts [Client Component Browser]
    ./src/useFractalExplorer.ts [Client Component Browser]
    ./src/FractalExplorer.tsx [Client Component Browser]
    ./app/page.tsx [Client Component Browser]
    ./app/page.tsx [Server Component]

  Client Component SSR:
    ./src/infrastructure/gpu/shaderCompiler.ts [Client Component SSR]
    ./src/infrastructure/gpu/webglRenderer.ts [Client Component SSR]
    ./src/infrastructure/useRenderer.ts [Client Component SSR]
    ./src/useFractalExplorer.ts [Client Component SSR]
    ./src/FractalExplorer.tsx [Client Component SSR]
    ./app/page.tsx [Client Component SSR]
    ./app/page.tsx [Server Component] @ http://localhost:3000/_next/static/chunks/node_modules_next_dist_115brz8._.js:3272
[  617505ms] [ERROR] ./src/infrastructure/gpu/shaderCompiler.ts:13:1
Export STRIPE_DENSITY doesn't exist in target module
  11 |   NORMAL_MAP_LIGHT_ANGLE, INTERIOR_ATTENUATION
  12 | } from '../../domain/coloringModes';
> 13 | import { STRIPE_DENSITY } from '../../domain/coloringAccumulator';
     | ^^^^^^^^^^^^^^^^^^^^^^^^^^^^^^^^^^^^^^^^^^^^^^^^^^^^^^^^^^^^^^^^^^
  14 | import {
  15 |   fullscreenVert,
  16 |   headerChunk, screenToComplexChunk, smoothEscapeChunk,

The export STRIPE_DENSITY was not found in module [project]/src/domain/coloringAccumulator.ts [app-ssr] (ecmascript).
Did you mean to import STRIPE_BAILOUT_SQ?
All exports of the module are statically known (It doesn't have dynamic exports). So it's known statically that the requested export doesn't exist.

Import traces:
  Client Component Browser:
    ./src/infrastructure/gpu/shaderCompiler.ts [Client Component Browser]
    ./src/infrastructure/gpu/webglRenderer.ts [Client Component Browser]
    ./src/infrastructure/useRenderer.ts [Client Component Browser]
    ./src/useFractalExplorer.ts [Client Component Browser]
    ./src/FractalExplorer.tsx [Client Component Browser]
    ./app/page.tsx [Client Component Browser]
    ./app/page.tsx [Server Component]

  Client Component SSR:
    ./src/infrastructure/gpu/shaderCompiler.ts [Client Component SSR]
    ./src/infrastructure/gpu/webglRenderer.ts [Client Component SSR]
    ./src/infrastructure/useRenderer.ts [Client Component SSR]
    ./src/useFractalExplorer.ts [Client Component SSR]
    ./src/FractalExplorer.tsx [Client Component SSR]
    ./app/page.tsx [Client Component SSR]
    ./app/page.tsx [Server Component] @ http://localhost:3000/_next/static/chunks/node_modules_next_dist_115brz8._.js:3272
[  627232ms] [ERROR] ./src/infrastructure/gpu/shaderCompiler.ts:13:1
Export STRIPE_DENSITY doesn't exist in target module
  11 |   NORMAL_MAP_LIGHT_ANGLE, INTERIOR_ATTENUATION
  12 | } from '../../domain/coloringModes';
> 13 | import { STRIPE_DENSITY } from '../../domain/coloringAccumulator';
     | ^^^^^^^^^^^^^^^^^^^^^^^^^^^^^^^^^^^^^^^^^^^^^^^^^^^^^^^^^^^^^^^^^^
  14 | import {
  15 |   fullscreenVert,
  16 |   headerChunk, screenToComplexChunk, smoothEscapeChunk,

The export STRIPE_DENSITY was not found in module [project]/src/domain/coloringAccumulator.ts [app-client] (ecmascript).
Did you mean to import STRIPE_BAILOUT_SQ?
All exports of the module are statically known (It doesn't have dynamic exports). So it's known statically that the requested export doesn't exist.

Import traces:
  Client Component Browser:
    ./src/infrastructure/gpu/shaderCompiler.ts [Client Component Browser]
    ./src/infrastructure/gpu/webglRenderer.ts [Client Component Browser]
    ./src/infrastructure/useRenderer.ts [Client Component Browser]
    ./src/useFractalExplorer.ts [Client Component Browser]
    ./src/FractalExplorer.tsx [Client Component Browser]
    ./app/page.tsx [Client Component Browser]
    ./app/page.tsx [Server Component]

  Client Component SSR:
    ./src/infrastructure/gpu/shaderCompiler.ts [Client Component SSR]
    ./src/infrastructure/gpu/webglRenderer.ts [Client Component SSR]
    ./src/infrastructure/useRenderer.ts [Client Component SSR]
    ./src/useFractalExplorer.ts [Client Component SSR]
    ./src/FractalExplorer.tsx [Client Component SSR]
    ./app/page.tsx [Client Component SSR]
    ./app/page.tsx [Server Component] @ http://localhost:3000/_next/static/chunks/node_modules_next_dist_115brz8._.js:3272
[  627232ms] [ERROR] ./src/infrastructure/gpu/shaderCompiler.ts:13:1
Export STRIPE_DENSITY doesn't exist in target module
  11 |   NORMAL_MAP_LIGHT_ANGLE, INTERIOR_ATTENUATION
  12 | } from '../../domain/coloringModes';
> 13 | import { STRIPE_DENSITY } from '../../domain/coloringAccumulator';
     | ^^^^^^^^^^^^^^^^^^^^^^^^^^^^^^^^^^^^^^^^^^^^^^^^^^^^^^^^^^^^^^^^^^
  14 | import {
  15 |   fullscreenVert,
  16 |   headerChunk, screenToComplexChunk, smoothEscapeChunk,

The export STRIPE_DENSITY was not found in module [project]/src/domain/coloringAccumulator.ts [app-ssr] (ecmascript).
Did you mean to import STRIPE_BAILOUT_SQ?
All exports of the module are statically known (It doesn't have dynamic exports). So it's known statically that the requested export doesn't exist.

Import traces:
  Client Component Browser:
    ./src/infrastructure/gpu/shaderCompiler.ts [Client Component Browser]
    ./src/infrastructure/gpu/webglRenderer.ts [Client Component Browser]
    ./src/infrastructure/useRenderer.ts [Client Component Browser]
    ./src/useFractalExplorer.ts [Client Component Browser]
    ./src/FractalExplorer.tsx [Client Component Browser]
    ./app/page.tsx [Client Component Browser]
    ./app/page.tsx [Server Component]

  Client Component SSR:
    ./src/infrastructure/gpu/shaderCompiler.ts [Client Component SSR]
    ./src/infrastructure/gpu/webglRenderer.ts [Client Component SSR]
    ./src/infrastructure/useRenderer.ts [Client Component SSR]
    ./src/useFractalExplorer.ts [Client Component SSR]
    ./src/FractalExplorer.tsx [Client Component SSR]
    ./app/page.tsx [Client Component SSR]
    ./app/page.tsx [Server Component] @ http://localhost:3000/_next/static/chunks/node_modules_next_dist_115brz8._.js:3272
